// Jest Snapshot v1, https://goo.gl/fbAQLP

exports[`OrderConfirmed component OrderConfirmed should be render correctly 1`] = `<div />`;
