// Jest Snapshot v1, https://goo.gl/fbAQLP

exports[`OrderDetails component OrderDetails should be render correctly 1`] = `<div />`;
