// Jest Snapshot v1, https://goo.gl/fbAQLP

exports[`Render BackToHome component BackToHome should be render correctly 1`] = `
<div>
  <div
    class="css-759u60"
  >
    <svg
      color="black"
      fill="currentColor"
      height="1em"
      stroke="currentColor"
      stroke-width="0"
      style="color: black;"
      viewBox="0 0 320 512"
      width="1em"
      xmlns="http://www.w3.org/2000/svg"
    >
      <path
        d="M34.52 239.03L228.87 44.69c9.37-9.37 24.57-9.37 33.94 0l22.67 22.67c9.36 9.36 9.37 24.52.04 33.9L131.49 256l154.02 154.75c9.34 9.38 9.32 24.54-.04 33.9l-22.67 22.67c-9.37 9.37-24.57 9.37-33.94 0L34.52 272.97c-9.37-9.37-9.37-24.57 0-33.94z"
      />
    </svg>
    <p
      class="chakra-text css-1utd549"
    >
      Volver a la tiendita
    </p>
  </div>
</div>
`;
