// Jest Snapshot v1, https://goo.gl/fbAQLP

exports[`ModalInvoice Component ModalInvoice component should be render correctly 1`] = `
<div>
  <div
    class="css-gmuwbf"
  />
</div>
`;