// Jest Snapshot v1, https://goo.gl/fbAQLP

exports[`Render AccordionComponent component AccordionComponent should be render correctly 1`] = `
<div>
  <div
    class="chakra-accordion css-0"
  />
</div>
`;
