// Jest Snapshot v1, https://goo.gl/fbAQLP

exports[`Render ButtonComponent component ButtonComponent should be render correctly 1`] = `
<div>
  <button
    class="chakra-button css-1pgmkb6"
    type="button"
  >
    test
  </button>
</div>
`;
