// Jest Snapshot v1, https://goo.gl/fbAQLP

exports[`Render ChallengeModal Component ChallengeModal shows up and render properly 1`] = `<div />`;
