// Jest Snapshot v1, https://goo.gl/fbAQLP

exports[`Invoice component Invoice should be render correctly 1`] = `
<div>
  <div
    class="css-of5mbt"
  >
    <div
      class="css-sm9syx"
    >
      <div
        class="css-mchwmv"
      >
        <p
          class="chakra-text css-1y90q9m"
        >
          <b>
            Fecha de entrega: 
          </b>
          lunes, 18 de abril de 2022
        </p>
      </div>
      <div
        class="css-11ofh3g"
      >
        <p
          class="chakra-text css-1y90q9m"
        >
          <b>
            Valor: 
          </b>
          $150.20
        </p>
      </div>
      <div
        class="css-fzce6v"
      >
        <p
          class="chakra-text css-1y90q9m"
        >
          <b>
            Tu Ganancia: 
          </b>
          <b
            style="color: rgb(56, 112, 255);"
          >
            $20.00
          </b>
        </p>
      </div>
      <div
        class="css-17xejub"
      />
      <div
        class="css-yc55n3"
      >
        <a
          class="chakra-link css-0"
          data-testid="Factura link"
          href="https://nopcommerce-assets.s3.us-east-2.amazonaws.com"
          target="_blank"
        >
          <button
            class="chakra-button css-lnpmf2"
            data-testid="Factura button"
            type="button"
          >
            <svg
              fill="none"
              height="24"
              viewBox="0 0 35 35"
              width="24"
              xmlns="http://www.w3.org/2000/svg"
            >
              <path
                clip-rule="evenodd"
                d="M24.5001 16.0833H28.0001C28.5415 16.0833 29.0607 15.8686 29.4433 15.4848C29.8271 15.1022 30.0417 14.5831 30.0417 14.0417V7.04167C30.0417 6.50028 29.8271 5.98113 29.4433 5.59853C29.0606 5.21474 28.5415 5.00008 28.0001 5.00008H7.0001C6.4587 5.00008 5.93955 5.21473 5.55695 5.59853C5.17316 5.98114 4.9585 6.50028 4.9585 7.04167V14.0417C4.9585 14.5831 5.17315 15.1022 5.55695 15.4848C5.93956 15.8686 6.4587 16.0833 7.0001 16.0833H10.5001C10.9831 16.0833 11.3751 15.6913 11.3751 15.2083C11.3751 14.7253 10.9831 14.3333 10.5001 14.3333H7.0001C6.92314 14.3333 6.84834 14.303 6.79365 14.2481C6.73877 14.1932 6.7085 14.1186 6.7085 14.0417V7.04167C6.7085 6.96472 6.73877 6.88991 6.79365 6.83523C6.84854 6.78034 6.92314 6.75007 7.0001 6.75007H28.0001C28.0771 6.75007 28.1519 6.78035 28.2066 6.83523C28.2614 6.89011 28.2917 6.96472 28.2917 7.04167V14.0417C28.2917 14.1186 28.2614 14.1934 28.2066 14.2481C28.1517 14.303 28.0771 14.3333 28.0001 14.3333H24.5001C24.0171 14.3333 23.6251 14.7253 23.6251 15.2083C23.6251 15.6913 24.0171 16.0833 24.5001 16.0833Z"
                fill="#3870FF"
                fill-rule="evenodd"
              />
              <path
                clip-rule="evenodd"
                d="M25.375 10.5417C25.375 10.0587 24.983 9.66675 24.5 9.66675H10.5C10.017 9.66675 9.625 10.0587 9.625 10.5417V29.2083C9.625 29.5057 9.77676 29.7835 10.0275 29.9444C10.2783 30.1054 10.5933 30.1276 10.864 30.004L13.0457 29.0042L15.2261 30.004C15.491 30.1253 15.799 30.1067 16.0474 29.955L17.5 29.0671L18.9525 29.955C19.201 30.1067 19.509 30.1253 19.7738 30.004L21.9543 29.0042L24.1359 30.004C24.4066 30.1276 24.7217 30.1055 24.9724 29.9444C25.2232 29.7835 25.375 29.5057 25.375 29.2083L25.375 10.5417ZM23.625 11.4167V27.8448L22.3195 27.2463C22.0873 27.1401 21.8213 27.1401 21.5904 27.2463L19.4684 28.2194L17.9565 27.2954C17.6764 27.1239 17.3241 27.1239 17.0442 27.2954L15.5323 28.2194L13.4102 27.2463C13.1792 27.1401 12.9132 27.1401 12.6811 27.2463L11.3757 27.8448V11.4167H23.6257H23.625Z"
                fill="#3870FF"
                fill-rule="evenodd"
              />
              <path
                clip-rule="evenodd"
                d="M25.6665 9.66675H9.33301C8.85 9.66675 8.45801 10.0587 8.45801 10.5417C8.45801 11.0248 8.85 11.4167 9.33301 11.4167H25.6665C26.1495 11.4167 26.5415 11.0248 26.5415 10.5417C26.5415 10.0587 26.1495 9.66675 25.6665 9.66675Z"
                fill="#3870FF"
                fill-rule="evenodd"
              />
              <path
                clip-rule="evenodd"
                d="M20.4165 14.3332H14.583C14.1 14.3332 13.708 14.7252 13.708 15.2082C13.708 15.6912 14.1 16.0832 14.583 16.0832H20.4165C20.8995 16.0832 21.2915 15.6912 21.2915 15.2082C21.2915 14.7252 20.8995 14.3332 20.4165 14.3332Z"
                fill="#3870FF"
                fill-rule="evenodd"
              />
              <path
                clip-rule="evenodd"
                d="M20.4165 19.0003H14.583C14.1 19.0003 13.708 19.3923 13.708 19.8753C13.708 20.3583 14.1 20.7503 14.583 20.7503H20.4165C20.8995 20.7503 21.2915 20.3583 21.2915 19.8753C21.2915 19.3923 20.8995 19.0003 20.4165 19.0003Z"
                fill="#3870FF"
                fill-rule="evenodd"
              />
              <path
                clip-rule="evenodd"
                d="M20.4165 23.6667H14.583C14.1 23.6667 13.708 24.0587 13.708 24.5417C13.708 25.0247 14.1 25.4167 14.583 25.4167H20.4165C20.8995 25.4167 21.2915 25.0247 21.2915 24.5417C21.2915 24.0587 20.8995 23.6667 20.4165 23.6667Z"
                fill="#3870FF"
                fill-rule="evenodd"
              />
            </svg>
             
            <p
              class="chakra-text css-acbihw"
            >
              Factura
            </p>
          </button>
        </a>
        <button
          class="chakra-button css-lnpmf2"
          data-testid="Ver órdenes"
          type="button"
        >
          <svg
            fill="none"
            height="16"
            viewBox="0 0 23 23"
            width="16"
            xmlns="http://www.w3.org/2000/svg"
          >
            <path
              d="M20.125 -1.52588e-05H6.125C4.67755 -1.52588e-05 3.5 1.17753 3.5 2.62498V3.49998H2.625C1.17755 3.49998 0 4.67753 0 6.12498V20.125C0 21.5724 1.17755 22.75 2.625 22.75H16.625C18.0725 22.75 19.25 21.5724 19.25 20.125V19.25H20.125C21.5725 19.25 22.75 18.0724 22.75 16.625V2.62498C22.75 1.17753 21.5725 -1.52588e-05 20.125 -1.52588e-05ZM17.5 20.125C17.5 20.6074 17.1074 21 16.625 21H2.625C2.14258 21 1.75 20.6074 1.75 20.125V6.12498C1.75 5.64256 2.14258 5.24998 2.625 5.24998H16.625C17.1074 5.24998 17.5 5.64256 17.5 6.12498V20.125ZM21 16.625C21 17.1074 20.6074 17.5 20.125 17.5H19.25V6.12498C19.25 4.67753 18.0725 3.49998 16.625 3.49998H5.25V2.62498C5.25 2.14256 5.64258 1.74998 6.125 1.74998H20.125C20.6074 1.74998 21 2.14256 21 2.62498V16.625Z"
              fill="#3870FF"
            />
            <path
              d="M3.9375 8.74998H15.3125C15.5541 8.74998 15.75 8.55408 15.75 8.31248V7.43747C15.75 7.19587 15.5541 6.99997 15.3125 6.99997H3.9375C3.6959 6.99997 3.5 7.19587 3.5 7.43747V8.31248C3.5 8.55408 3.6959 8.74998 3.9375 8.74998Z"
              fill="#3870FF"
            />
            <path
              d="M3.9375 12.25H15.3125C15.5541 12.25 15.75 12.0541 15.75 11.8125V10.9375C15.75 10.6959 15.5541 10.5 15.3125 10.5H3.9375C3.6959 10.5 3.5 10.6959 3.5 10.9375V11.8125C3.5 12.0541 3.6959 12.25 3.9375 12.25Z"
              fill="#3870FF"
            />
            <path
              d="M3.9375 15.75H15.3125C15.5541 15.75 15.75 15.5541 15.75 15.3125V14.4375C15.75 14.1959 15.5541 14 15.3125 14H3.9375C3.6959 14 3.5 14.1959 3.5 14.4375V15.3125C3.5 15.5541 3.6959 15.75 3.9375 15.75Z"
              fill="#3870FF"
            />
            <path
              d="M3.9375 19.25H15.3125C15.5541 19.25 15.75 19.0541 15.75 18.8125V17.9375C15.75 17.6959 15.5541 17.5 15.3125 17.5H3.9375C3.6959 17.5 3.5 17.6959 3.5 17.9375V18.8125C3.5 19.0541 3.6959 19.25 3.9375 19.25Z"
              fill="#3870FF"
            />
          </svg>
           
          <p
            class="chakra-text css-acbihw"
          >
            Ver órdenes
          </p>
        </button>
        <a
          class="chakra-link css-0"
          data-testid="Ayuda link"
          href="https://wa.me/525545439866?text=Hablar%20con%20alguien"
          target="_blank"
        >
          <button
            class="chakra-button css-c8wzqk"
            type="button"
          >
            <svg
              fill="none"
              height="25"
              viewBox="0 0 25 25"
              width="25"
              xmlns="http://www.w3.org/2000/svg"
            >
              <path
                d="M12.4943 1.60794C15.3551 1.60794 18.0986 2.74431 20.1216 4.76728C22.1444 6.79008 23.281 9.53375 23.281 12.3946C23.281 15.2554 22.1444 17.999 20.1216 20.0219C18.0986 22.0447 15.3551 23.1813 12.4943 23.1813C9.63334 23.1813 6.88993 22.0447 4.86695 20.0219C2.84398 17.999 1.70761 15.2555 1.70761 12.3946C1.71038 9.53455 2.84762 6.79247 4.86988 4.77038C6.89232 2.74812 9.63414 1.61086 12.4941 1.60812L12.4943 1.60794ZM12.4941 1.52588e-05C10.0401 1.52588e-05 7.64128 0.727807 5.60103 2.0915C3.56079 3.45501 1.97062 5.39304 1.03208 7.66042C0.093619 9.92781 -0.151547 12.4225 0.328023 14.8294C0.807549 17.2361 1.99011 19.4466 3.72593 21.1809C5.46189 22.9154 7.67343 24.0961 10.0805 24.5735C12.4875 25.051 14.982 24.8038 17.2486 23.8632C19.5151 22.9229 21.4519 21.3312 22.8135 19.2899C24.1753 17.2485 24.9012 14.8489 24.8991 12.395C24.8963 9.1068 23.5882 5.9541 21.262 3.62998C18.936 1.30587 15.7821 0.000280973 12.4938 0.000280973L12.4941 1.52588e-05Z"
                fill="#3870FF"
              />
              <path
                d="M10.6041 13.7408C10.6041 11.2347 14.4573 11.0781 14.4573 8.96901C14.4573 7.99783 13.7158 7.44443 12.4523 7.44443C11.189 7.44426 10.5415 7.99765 10.5415 9.10462C10.5415 9.49627 10.3325 9.85818 9.99327 10.0541C9.65403 10.25 9.23607 10.25 8.89685 10.0541C8.55761 9.85815 8.34863 9.49623 8.34863 9.10462C8.34863 6.8386 9.86281 5.4917 12.4107 5.4917C14.9585 5.4917 16.5875 6.74467 16.5875 8.96901C16.5875 12.1747 12.7971 12.4044 12.7971 13.6053L12.7969 13.6051C12.8104 13.7791 12.88 13.944 12.9953 14.0749C13.1564 14.2886 13.2292 14.5558 13.1989 14.8217C13.1687 15.0876 13.0376 15.3315 12.8326 15.5035C12.6276 15.6755 12.3645 15.7621 12.0973 15.7457C11.8074 15.7531 11.5275 15.6397 11.3246 15.4324C10.8636 14.9906 10.6034 14.3794 10.6041 13.7409L10.6041 13.7408ZM10.7399 18.0116C10.6989 17.6525 10.8246 17.2944 11.0812 17.0398C11.3377 16.7853 11.6968 16.6623 12.0556 16.7062C12.4153 16.663 12.7747 16.7903 13.0268 17.0507C13.2789 17.311 13.3948 17.6743 13.3399 18.0324C13.3929 18.3875 13.2751 18.7469 13.0223 19.0019C12.7694 19.2567 12.4111 19.3772 12.0556 19.3273C11.6938 19.3762 11.3299 19.2534 11.0718 18.9953C10.8137 18.7372 10.6909 18.3734 10.7399 18.0117L10.7399 18.0116Z"
                fill="#3870FF"
              />
            </svg>
             
            <p
              class="chakra-text css-acbihw"
            >
              Ayuda
            </p>
          </button>
        </a>
        <a
          class="chakra-link css-lz2la3"
          data-testid="Rastrear link"
          target="_blank"
        >
          <button
            class="chakra-button css-c8wzqk"
            data-testid="Rastrear"
            disabled=""
            type="button"
          >
            <svg
              fill="none"
              height="17"
              viewBox="0 0 25 17"
              width="25"
              xmlns="http://www.w3.org/2000/svg"
            >
              <g
                clip-path="url(#clip0_1_861)"
              >
                <path
                  d="M8.56574 0.0157701C10.6669 0.0157701 12.7688 0.0555635 14.8685 0.00075873C16.2382 -0.0345266 17.206 0.958715 17.1382 2.30706C17.0904 3.25001 17.1382 4.19745 17.1247 5.14265C17.1247 5.33259 17.1628 5.39341 17.3641 5.3919C18.4236 5.38064 19.4839 5.38589 20.5434 5.38664C21.2831 5.38664 21.6134 5.61712 21.8662 6.30481C22.1868 7.17944 22.5111 8.05256 22.8235 8.93244C22.8502 9.015 22.8936 9.09106 22.9511 9.1557C23.0087 9.22035 23.079 9.27216 23.1576 9.30781C23.4976 9.47823 23.8286 9.66818 24.159 9.85662C24.7159 10.1749 24.9963 10.6592 24.9978 11.3041C24.9978 11.9873 24.9978 12.6712 24.9978 13.3544C24.9926 14.289 24.3655 14.9692 23.4417 14.9707C23.0249 14.9707 22.8273 15.0736 22.6364 15.485C22.1398 16.5548 21.2361 17.0616 20.0647 16.9865C18.9523 16.9114 18.182 16.3003 17.7705 15.2598C17.681 15.0345 17.5773 14.9797 17.3559 14.9805C14.5389 14.9875 11.7222 14.9875 8.90574 14.9805C8.69622 14.9805 8.58885 15.0173 8.50832 15.2455C8.3203 15.7618 7.97879 16.2071 7.53032 16.5208C7.08185 16.8346 6.54822 17.0016 6.00211 16.9989C5.45601 16.9963 4.92398 16.8242 4.47851 16.5062C4.03303 16.1881 3.69577 15.7395 3.51265 15.2215C3.43809 15.0165 3.34115 14.9775 3.15251 14.9812C2.73422 14.9895 2.31518 14.9933 1.89837 14.973C1.39101 14.9531 0.910884 14.7366 0.558158 14.3689C0.205432 14.0012 0.00735172 13.5105 0.00523916 12.9993C-0.00321123 9.33009 -0.00321123 5.66117 0.00523916 1.9925C0.00523916 0.873884 0.899984 0.0187815 2.03855 0.0150278C4.21577 0.0105233 6.38777 0.0157701 8.56574 0.0157701ZM15.7893 7.77853C15.7893 5.91667 15.7893 4.05432 15.7893 2.19145C15.7893 1.59761 15.5552 1.36563 14.9602 1.36563C13.9558 1.36563 12.9522 1.37238 11.9486 1.36037C11.7399 1.36037 11.6869 1.41067 11.6892 1.62088C11.6996 2.82808 11.6951 4.0353 11.6936 5.24251C11.6936 5.85887 11.4595 6.09385 10.8548 6.09385H6.3065C5.66377 6.09385 5.43188 5.86337 5.43114 5.22073C5.43114 4.01352 5.43114 2.80632 5.43114 1.59911C5.43114 1.46097 5.44605 1.35811 5.23951 1.36037C4.17029 1.37238 3.10106 1.36037 2.03333 1.36787C1.59416 1.36787 1.34065 1.64415 1.34065 2.10361C1.34065 5.69721 1.34065 9.29105 1.34065 12.8851C1.34065 13.3709 1.59192 13.6276 2.07658 13.6359C2.43895 13.6434 2.80207 13.6261 3.1637 13.6419C3.36203 13.6509 3.44554 13.5878 3.51414 13.3927C3.69993 12.876 4.03917 12.4295 4.48578 12.1138C4.93239 11.7981 5.46471 11.6284 6.01041 11.6279C6.55611 11.6274 7.08873 11.7961 7.5359 12.111C7.98307 12.426 8.32311 12.8719 8.50982 13.3882C8.57692 13.5773 8.65223 13.6434 8.85504 13.6426C11.077 13.6341 13.2987 13.6341 15.5202 13.6426C15.7439 13.6426 15.7901 13.5788 15.7893 13.3649C15.7864 11.5038 15.7893 9.64115 15.7893 7.77853ZM17.1315 10.193C17.1315 11.2605 17.1315 12.3273 17.1315 13.3949C17.1315 13.4745 17.0673 13.5848 17.1956 13.6351C17.2486 13.6558 17.3052 13.6657 17.362 13.6641C17.4189 13.6625 17.4749 13.6496 17.5267 13.6261C17.5785 13.6025 17.6252 13.5688 17.664 13.527C17.7027 13.4851 17.7329 13.4359 17.7526 13.3821C17.9419 12.8704 18.2808 12.4284 18.7245 12.1144C19.1683 11.8004 19.6961 11.6291 20.2385 11.6231C20.7764 11.6161 21.3035 11.7752 21.7488 12.0791C22.1941 12.383 22.5362 12.8171 22.7289 13.3228C22.8228 13.5743 22.9361 13.6877 23.1978 13.6397C23.2439 13.634 23.2905 13.634 23.3365 13.6397C23.5766 13.6524 23.6646 13.536 23.6609 13.2988C23.6524 12.6532 23.6524 12.0073 23.6609 11.3611C23.668 11.2871 23.6519 11.2126 23.6147 11.1484C23.5775 11.0841 23.5211 11.0332 23.4536 11.003C23.1166 10.8251 22.7825 10.6479 22.4515 10.455C22.2922 10.3598 22.1094 10.3121 21.9243 10.3176C21.2272 10.3251 20.53 10.3176 19.8321 10.3176C18.7293 10.3176 18.1015 9.6862 18.0985 8.58184C18.0985 8.20647 18.1037 7.83109 18.0985 7.45572C18.0941 7.22298 18.2007 6.91593 18.0568 6.78004C17.9129 6.64416 17.5952 6.75451 17.3566 6.73049C17.174 6.71172 17.1233 6.77478 17.1247 6.96097C17.1337 8.03979 17.1292 9.11638 17.1292 10.193H17.1315ZM8.54188 4.74476C9.08022 4.74476 9.6193 4.73875 10.1576 4.74476C10.315 4.74476 10.3619 4.70271 10.3605 4.5428C10.3537 3.55181 10.3523 2.56082 10.3605 1.56983C10.3605 1.38665 10.2986 1.35662 10.1368 1.35737C9.08693 1.36438 8.03759 1.36438 6.98874 1.35737C6.8165 1.35737 6.76953 1.40391 6.77102 1.57734C6.77922 2.55857 6.78072 3.54055 6.77102 4.52178C6.77102 4.72148 6.84558 4.747 7.01111 4.747C7.51814 4.73874 8.02814 4.74476 8.53964 4.74476H8.54188ZM20.2802 15.6509C20.5418 15.6459 20.7961 15.5632 21.0112 15.4132C21.2263 15.2633 21.3927 15.0527 21.4894 14.808C21.5862 14.5632 21.609 14.2951 21.555 14.0373C21.501 13.7796 21.3727 13.5436 21.186 13.359C20.9994 13.1743 20.7627 13.0493 20.5058 12.9996C20.2489 12.9498 19.9831 12.9775 19.7417 13.0793C19.5004 13.181 19.2943 13.3522 19.1492 13.5714C19.0041 13.7907 18.9265 14.0481 18.9262 14.3116C18.9259 14.4894 18.9609 14.6654 19.029 14.8294C19.0972 14.9935 19.1971 15.1422 19.3229 15.2669C19.4488 15.3916 19.5981 15.4898 19.7621 15.5557C19.926 15.6216 20.1014 15.654 20.278 15.6509H20.2802ZM6.01869 15.6509C6.19308 15.6515 6.36588 15.6175 6.52722 15.5509C6.68856 15.4842 6.83528 15.3862 6.959 15.2625C7.08273 15.1387 7.18104 14.9917 7.24832 14.8297C7.3156 14.6677 7.35053 14.4939 7.35112 14.3183C7.3517 14.1427 7.31794 13.9688 7.25175 13.8063C7.18555 13.6439 7.08823 13.4961 6.96533 13.3715C6.84243 13.247 6.69637 13.148 6.53548 13.0802C6.37459 13.0125 6.20202 12.9773 6.02763 12.9767C5.85324 12.9761 5.68045 13.0101 5.51911 13.0768C5.35777 13.1434 5.21105 13.2414 5.08732 13.3652C4.96359 13.4889 4.86528 13.636 4.798 13.798C4.73072 13.96 4.69579 14.1337 4.69521 14.3093C4.69462 14.4849 4.72839 14.6589 4.79458 14.8213C4.86077 14.9838 4.9581 15.1315 5.08099 15.2561C5.20389 15.3807 5.34995 15.4797 5.51084 15.5474C5.67173 15.6151 5.8443 15.6503 6.01869 15.6509ZM19.4399 7.78004C19.4399 8.08034 19.4399 8.38064 19.4399 8.68094C19.4399 8.87388 19.5234 8.97523 19.7255 8.97448C20.2273 8.97448 20.7291 8.96923 21.2309 8.97448C21.38 8.97448 21.4046 8.92719 21.3554 8.79505C21.1168 8.15842 20.8817 7.52053 20.6501 6.88139C20.6128 6.77929 20.5651 6.73124 20.451 6.73124C20.1729 6.738 19.8932 6.738 19.6151 6.73124C19.4832 6.73124 19.4339 6.77328 19.4377 6.90842C19.4444 7.20046 19.4362 7.49025 19.4362 7.78004H19.4399Z"
                  fill="#3870FF"
                />
              </g>
              <defs>
                <clippath
                  id="clip0_1_861"
                >
                  <rect
                    fill="white"
                    height="17"
                    width="25"
                  />
                </clippath>
              </defs>
            </svg>
             
            <p
              class="chakra-text css-acbihw"
            >
              Rastrear
            </p>
          </button>
        </a>
      </div>
    </div>
  </div>
</div>
`;

exports[`Invoice component Invoice should be render correctly with tracking url 1`] = `
<div>
  <div
    class="css-of5mbt"
  >
    <div
      class="css-sm9syx"
    >
      <div
        class="css-mchwmv"
      >
        <p
          class="chakra-text css-1y90q9m"
        >
          <b>
            Fecha de entrega: 
          </b>
          lunes, 18 de abril de 2022
        </p>
      </div>
      <div
        class="css-11ofh3g"
      >
        <p
          class="chakra-text css-1y90q9m"
        >
          <b>
            Valor: 
          </b>
          $150.20
        </p>
      </div>
      <div
        class="css-fzce6v"
      >
        <p
          class="chakra-text css-1y90q9m"
        >
          <b>
            Tu Ganancia: 
          </b>
          <b
            style="color: rgb(56, 112, 255);"
          >
            $20.00
          </b>
        </p>
      </div>
      <div
        class="css-17xejub"
      />
      <div
        class="css-yc55n3"
      >
        <a
          class="chakra-link css-0"
          data-testid="Factura link"
          href="https://nopcommerce-assets.s3.us-east-2.amazonaws.com"
          target="_blank"
        >
          <button
            class="chakra-button css-lnpmf2"
            data-testid="Factura button"
            type="button"
          >
            <svg
              fill="none"
              height="24"
              viewBox="0 0 35 35"
              width="24"
              xmlns="http://www.w3.org/2000/svg"
            >
              <path
                clip-rule="evenodd"
                d="M24.5001 16.0833H28.0001C28.5415 16.0833 29.0607 15.8686 29.4433 15.4848C29.8271 15.1022 30.0417 14.5831 30.0417 14.0417V7.04167C30.0417 6.50028 29.8271 5.98113 29.4433 5.59853C29.0606 5.21474 28.5415 5.00008 28.0001 5.00008H7.0001C6.4587 5.00008 5.93955 5.21473 5.55695 5.59853C5.17316 5.98114 4.9585 6.50028 4.9585 7.04167V14.0417C4.9585 14.5831 5.17315 15.1022 5.55695 15.4848C5.93956 15.8686 6.4587 16.0833 7.0001 16.0833H10.5001C10.9831 16.0833 11.3751 15.6913 11.3751 15.2083C11.3751 14.7253 10.9831 14.3333 10.5001 14.3333H7.0001C6.92314 14.3333 6.84834 14.303 6.79365 14.2481C6.73877 14.1932 6.7085 14.1186 6.7085 14.0417V7.04167C6.7085 6.96472 6.73877 6.88991 6.79365 6.83523C6.84854 6.78034 6.92314 6.75007 7.0001 6.75007H28.0001C28.0771 6.75007 28.1519 6.78035 28.2066 6.83523C28.2614 6.89011 28.2917 6.96472 28.2917 7.04167V14.0417C28.2917 14.1186 28.2614 14.1934 28.2066 14.2481C28.1517 14.303 28.0771 14.3333 28.0001 14.3333H24.5001C24.0171 14.3333 23.6251 14.7253 23.6251 15.2083C23.6251 15.6913 24.0171 16.0833 24.5001 16.0833Z"
                fill="#3870FF"
                fill-rule="evenodd"
              />
              <path
                clip-rule="evenodd"
                d="M25.375 10.5417C25.375 10.0587 24.983 9.66675 24.5 9.66675H10.5C10.017 9.66675 9.625 10.0587 9.625 10.5417V29.2083C9.625 29.5057 9.77676 29.7835 10.0275 29.9444C10.2783 30.1054 10.5933 30.1276 10.864 30.004L13.0457 29.0042L15.2261 30.004C15.491 30.1253 15.799 30.1067 16.0474 29.955L17.5 29.0671L18.9525 29.955C19.201 30.1067 19.509 30.1253 19.7738 30.004L21.9543 29.0042L24.1359 30.004C24.4066 30.1276 24.7217 30.1055 24.9724 29.9444C25.2232 29.7835 25.375 29.5057 25.375 29.2083L25.375 10.5417ZM23.625 11.4167V27.8448L22.3195 27.2463C22.0873 27.1401 21.8213 27.1401 21.5904 27.2463L19.4684 28.2194L17.9565 27.2954C17.6764 27.1239 17.3241 27.1239 17.0442 27.2954L15.5323 28.2194L13.4102 27.2463C13.1792 27.1401 12.9132 27.1401 12.6811 27.2463L11.3757 27.8448V11.4167H23.6257H23.625Z"
                fill="#3870FF"
                fill-rule="evenodd"
              />
              <path
                clip-rule="evenodd"
                d="M25.6665 9.66675H9.33301C8.85 9.66675 8.45801 10.0587 8.45801 10.5417C8.45801 11.0248 8.85 11.4167 9.33301 11.4167H25.6665C26.1495 11.4167 26.5415 11.0248 26.5415 10.5417C26.5415 10.0587 26.1495 9.66675 25.6665 9.66675Z"
                fill="#3870FF"
                fill-rule="evenodd"
              />
              <path
                clip-rule="evenodd"
                d="M20.4165 14.3332H14.583C14.1 14.3332 13.708 14.7252 13.708 15.2082C13.708 15.6912 14.1 16.0832 14.583 16.0832H20.4165C20.8995 16.0832 21.2915 15.6912 21.2915 15.2082C21.2915 14.7252 20.8995 14.3332 20.4165 14.3332Z"
                fill="#3870FF"
                fill-rule="evenodd"
              />
              <path
                clip-rule="evenodd"
                d="M20.4165 19.0003H14.583C14.1 19.0003 13.708 19.3923 13.708 19.8753C13.708 20.3583 14.1 20.7503 14.583 20.7503H20.4165C20.8995 20.7503 21.2915 20.3583 21.2915 19.8753C21.2915 19.3923 20.8995 19.0003 20.4165 19.0003Z"
                fill="#3870FF"
                fill-rule="evenodd"
              />
              <path
                clip-rule="evenodd"
                d="M20.4165 23.6667H14.583C14.1 23.6667 13.708 24.0587 13.708 24.5417C13.708 25.0247 14.1 25.4167 14.583 25.4167H20.4165C20.8995 25.4167 21.2915 25.0247 21.2915 24.5417C21.2915 24.0587 20.8995 23.6667 20.4165 23.6667Z"
                fill="#3870FF"
                fill-rule="evenodd"
              />
            </svg>
             
            <p
              class="chakra-text css-acbihw"
            >
              Factura
            </p>
          </button>
        </a>
        <button
          class="chakra-button css-lnpmf2"
          data-testid="Ver órdenes"
          type="button"
        >
          <svg
            fill="none"
            height="16"
            viewBox="0 0 23 23"
            width="16"
            xmlns="http://www.w3.org/2000/svg"
          >
            <path
              d="M20.125 -1.52588e-05H6.125C4.67755 -1.52588e-05 3.5 1.17753 3.5 2.62498V3.49998H2.625C1.17755 3.49998 0 4.67753 0 6.12498V20.125C0 21.5724 1.17755 22.75 2.625 22.75H16.625C18.0725 22.75 19.25 21.5724 19.25 20.125V19.25H20.125C21.5725 19.25 22.75 18.0724 22.75 16.625V2.62498C22.75 1.17753 21.5725 -1.52588e-05 20.125 -1.52588e-05ZM17.5 20.125C17.5 20.6074 17.1074 21 16.625 21H2.625C2.14258 21 1.75 20.6074 1.75 20.125V6.12498C1.75 5.64256 2.14258 5.24998 2.625 5.24998H16.625C17.1074 5.24998 17.5 5.64256 17.5 6.12498V20.125ZM21 16.625C21 17.1074 20.6074 17.5 20.125 17.5H19.25V6.12498C19.25 4.67753 18.0725 3.49998 16.625 3.49998H5.25V2.62498C5.25 2.14256 5.64258 1.74998 6.125 1.74998H20.125C20.6074 1.74998 21 2.14256 21 2.62498V16.625Z"
              fill="#3870FF"
            />
            <path
              d="M3.9375 8.74998H15.3125C15.5541 8.74998 15.75 8.55408 15.75 8.31248V7.43747C15.75 7.19587 15.5541 6.99997 15.3125 6.99997H3.9375C3.6959 6.99997 3.5 7.19587 3.5 7.43747V8.31248C3.5 8.55408 3.6959 8.74998 3.9375 8.74998Z"
              fill="#3870FF"
            />
            <path
              d="M3.9375 12.25H15.3125C15.5541 12.25 15.75 12.0541 15.75 11.8125V10.9375C15.75 10.6959 15.5541 10.5 15.3125 10.5H3.9375C3.6959 10.5 3.5 10.6959 3.5 10.9375V11.8125C3.5 12.0541 3.6959 12.25 3.9375 12.25Z"
              fill="#3870FF"
            />
            <path
              d="M3.9375 15.75H15.3125C15.5541 15.75 15.75 15.5541 15.75 15.3125V14.4375C15.75 14.1959 15.5541 14 15.3125 14H3.9375C3.6959 14 3.5 14.1959 3.5 14.4375V15.3125C3.5 15.5541 3.6959 15.75 3.9375 15.75Z"
              fill="#3870FF"
            />
            <path
              d="M3.9375 19.25H15.3125C15.5541 19.25 15.75 19.0541 15.75 18.8125V17.9375C15.75 17.6959 15.5541 17.5 15.3125 17.5H3.9375C3.6959 17.5 3.5 17.6959 3.5 17.9375V18.8125C3.5 19.0541 3.6959 19.25 3.9375 19.25Z"
              fill="#3870FF"
            />
          </svg>
           
          <p
            class="chakra-text css-acbihw"
          >
            Ver órdenes
          </p>
        </button>
        <a
          class="chakra-link css-0"
          data-testid="Ayuda link"
          href="https://wa.me/525545439866?text=Hablar%20con%20alguien"
          target="_blank"
        >
          <button
            class="chakra-button css-c8wzqk"
            type="button"
          >
            <svg
              fill="none"
              height="25"
              viewBox="0 0 25 25"
              width="25"
              xmlns="http://www.w3.org/2000/svg"
            >
              <path
                d="M12.4943 1.60794C15.3551 1.60794 18.0986 2.74431 20.1216 4.76728C22.1444 6.79008 23.281 9.53375 23.281 12.3946C23.281 15.2554 22.1444 17.999 20.1216 20.0219C18.0986 22.0447 15.3551 23.1813 12.4943 23.1813C9.63334 23.1813 6.88993 22.0447 4.86695 20.0219C2.84398 17.999 1.70761 15.2555 1.70761 12.3946C1.71038 9.53455 2.84762 6.79247 4.86988 4.77038C6.89232 2.74812 9.63414 1.61086 12.4941 1.60812L12.4943 1.60794ZM12.4941 1.52588e-05C10.0401 1.52588e-05 7.64128 0.727807 5.60103 2.0915C3.56079 3.45501 1.97062 5.39304 1.03208 7.66042C0.093619 9.92781 -0.151547 12.4225 0.328023 14.8294C0.807549 17.2361 1.99011 19.4466 3.72593 21.1809C5.46189 22.9154 7.67343 24.0961 10.0805 24.5735C12.4875 25.051 14.982 24.8038 17.2486 23.8632C19.5151 22.9229 21.4519 21.3312 22.8135 19.2899C24.1753 17.2485 24.9012 14.8489 24.8991 12.395C24.8963 9.1068 23.5882 5.9541 21.262 3.62998C18.936 1.30587 15.7821 0.000280973 12.4938 0.000280973L12.4941 1.52588e-05Z"
                fill="#3870FF"
              />
              <path
                d="M10.6041 13.7408C10.6041 11.2347 14.4573 11.0781 14.4573 8.96901C14.4573 7.99783 13.7158 7.44443 12.4523 7.44443C11.189 7.44426 10.5415 7.99765 10.5415 9.10462C10.5415 9.49627 10.3325 9.85818 9.99327 10.0541C9.65403 10.25 9.23607 10.25 8.89685 10.0541C8.55761 9.85815 8.34863 9.49623 8.34863 9.10462C8.34863 6.8386 9.86281 5.4917 12.4107 5.4917C14.9585 5.4917 16.5875 6.74467 16.5875 8.96901C16.5875 12.1747 12.7971 12.4044 12.7971 13.6053L12.7969 13.6051C12.8104 13.7791 12.88 13.944 12.9953 14.0749C13.1564 14.2886 13.2292 14.5558 13.1989 14.8217C13.1687 15.0876 13.0376 15.3315 12.8326 15.5035C12.6276 15.6755 12.3645 15.7621 12.0973 15.7457C11.8074 15.7531 11.5275 15.6397 11.3246 15.4324C10.8636 14.9906 10.6034 14.3794 10.6041 13.7409L10.6041 13.7408ZM10.7399 18.0116C10.6989 17.6525 10.8246 17.2944 11.0812 17.0398C11.3377 16.7853 11.6968 16.6623 12.0556 16.7062C12.4153 16.663 12.7747 16.7903 13.0268 17.0507C13.2789 17.311 13.3948 17.6743 13.3399 18.0324C13.3929 18.3875 13.2751 18.7469 13.0223 19.0019C12.7694 19.2567 12.4111 19.3772 12.0556 19.3273C11.6938 19.3762 11.3299 19.2534 11.0718 18.9953C10.8137 18.7372 10.6909 18.3734 10.7399 18.0117L10.7399 18.0116Z"
                fill="#3870FF"
              />
            </svg>
             
            <p
              class="chakra-text css-acbihw"
            >
              Ayuda
            </p>
          </button>
        </a>
        <a
          class="chakra-link css-uldejd"
          data-testid="Rastrear link"
          href="https://nopcommerce-assets.s3.us-east-2.amazonaws.com"
          target="_blank"
        >
          <button
            class="chakra-button css-c8wzqk"
            data-testid="Rastrear"
            type="button"
          >
            <svg
              fill="none"
              height="17"
              viewBox="0 0 25 17"
              width="25"
              xmlns="http://www.w3.org/2000/svg"
            >
              <g
                clip-path="url(#clip0_1_861)"
              >
                <path
                  d="M8.56574 0.0157701C10.6669 0.0157701 12.7688 0.0555635 14.8685 0.00075873C16.2382 -0.0345266 17.206 0.958715 17.1382 2.30706C17.0904 3.25001 17.1382 4.19745 17.1247 5.14265C17.1247 5.33259 17.1628 5.39341 17.3641 5.3919C18.4236 5.38064 19.4839 5.38589 20.5434 5.38664C21.2831 5.38664 21.6134 5.61712 21.8662 6.30481C22.1868 7.17944 22.5111 8.05256 22.8235 8.93244C22.8502 9.015 22.8936 9.09106 22.9511 9.1557C23.0087 9.22035 23.079 9.27216 23.1576 9.30781C23.4976 9.47823 23.8286 9.66818 24.159 9.85662C24.7159 10.1749 24.9963 10.6592 24.9978 11.3041C24.9978 11.9873 24.9978 12.6712 24.9978 13.3544C24.9926 14.289 24.3655 14.9692 23.4417 14.9707C23.0249 14.9707 22.8273 15.0736 22.6364 15.485C22.1398 16.5548 21.2361 17.0616 20.0647 16.9865C18.9523 16.9114 18.182 16.3003 17.7705 15.2598C17.681 15.0345 17.5773 14.9797 17.3559 14.9805C14.5389 14.9875 11.7222 14.9875 8.90574 14.9805C8.69622 14.9805 8.58885 15.0173 8.50832 15.2455C8.3203 15.7618 7.97879 16.2071 7.53032 16.5208C7.08185 16.8346 6.54822 17.0016 6.00211 16.9989C5.45601 16.9963 4.92398 16.8242 4.47851 16.5062C4.03303 16.1881 3.69577 15.7395 3.51265 15.2215C3.43809 15.0165 3.34115 14.9775 3.15251 14.9812C2.73422 14.9895 2.31518 14.9933 1.89837 14.973C1.39101 14.9531 0.910884 14.7366 0.558158 14.3689C0.205432 14.0012 0.00735172 13.5105 0.00523916 12.9993C-0.00321123 9.33009 -0.00321123 5.66117 0.00523916 1.9925C0.00523916 0.873884 0.899984 0.0187815 2.03855 0.0150278C4.21577 0.0105233 6.38777 0.0157701 8.56574 0.0157701ZM15.7893 7.77853C15.7893 5.91667 15.7893 4.05432 15.7893 2.19145C15.7893 1.59761 15.5552 1.36563 14.9602 1.36563C13.9558 1.36563 12.9522 1.37238 11.9486 1.36037C11.7399 1.36037 11.6869 1.41067 11.6892 1.62088C11.6996 2.82808 11.6951 4.0353 11.6936 5.24251C11.6936 5.85887 11.4595 6.09385 10.8548 6.09385H6.3065C5.66377 6.09385 5.43188 5.86337 5.43114 5.22073C5.43114 4.01352 5.43114 2.80632 5.43114 1.59911C5.43114 1.46097 5.44605 1.35811 5.23951 1.36037C4.17029 1.37238 3.10106 1.36037 2.03333 1.36787C1.59416 1.36787 1.34065 1.64415 1.34065 2.10361C1.34065 5.69721 1.34065 9.29105 1.34065 12.8851C1.34065 13.3709 1.59192 13.6276 2.07658 13.6359C2.43895 13.6434 2.80207 13.6261 3.1637 13.6419C3.36203 13.6509 3.44554 13.5878 3.51414 13.3927C3.69993 12.876 4.03917 12.4295 4.48578 12.1138C4.93239 11.7981 5.46471 11.6284 6.01041 11.6279C6.55611 11.6274 7.08873 11.7961 7.5359 12.111C7.98307 12.426 8.32311 12.8719 8.50982 13.3882C8.57692 13.5773 8.65223 13.6434 8.85504 13.6426C11.077 13.6341 13.2987 13.6341 15.5202 13.6426C15.7439 13.6426 15.7901 13.5788 15.7893 13.3649C15.7864 11.5038 15.7893 9.64115 15.7893 7.77853ZM17.1315 10.193C17.1315 11.2605 17.1315 12.3273 17.1315 13.3949C17.1315 13.4745 17.0673 13.5848 17.1956 13.6351C17.2486 13.6558 17.3052 13.6657 17.362 13.6641C17.4189 13.6625 17.4749 13.6496 17.5267 13.6261C17.5785 13.6025 17.6252 13.5688 17.664 13.527C17.7027 13.4851 17.7329 13.4359 17.7526 13.3821C17.9419 12.8704 18.2808 12.4284 18.7245 12.1144C19.1683 11.8004 19.6961 11.6291 20.2385 11.6231C20.7764 11.6161 21.3035 11.7752 21.7488 12.0791C22.1941 12.383 22.5362 12.8171 22.7289 13.3228C22.8228 13.5743 22.9361 13.6877 23.1978 13.6397C23.2439 13.634 23.2905 13.634 23.3365 13.6397C23.5766 13.6524 23.6646 13.536 23.6609 13.2988C23.6524 12.6532 23.6524 12.0073 23.6609 11.3611C23.668 11.2871 23.6519 11.2126 23.6147 11.1484C23.5775 11.0841 23.5211 11.0332 23.4536 11.003C23.1166 10.8251 22.7825 10.6479 22.4515 10.455C22.2922 10.3598 22.1094 10.3121 21.9243 10.3176C21.2272 10.3251 20.53 10.3176 19.8321 10.3176C18.7293 10.3176 18.1015 9.6862 18.0985 8.58184C18.0985 8.20647 18.1037 7.83109 18.0985 7.45572C18.0941 7.22298 18.2007 6.91593 18.0568 6.78004C17.9129 6.64416 17.5952 6.75451 17.3566 6.73049C17.174 6.71172 17.1233 6.77478 17.1247 6.96097C17.1337 8.03979 17.1292 9.11638 17.1292 10.193H17.1315ZM8.54188 4.74476C9.08022 4.74476 9.6193 4.73875 10.1576 4.74476C10.315 4.74476 10.3619 4.70271 10.3605 4.5428C10.3537 3.55181 10.3523 2.56082 10.3605 1.56983C10.3605 1.38665 10.2986 1.35662 10.1368 1.35737C9.08693 1.36438 8.03759 1.36438 6.98874 1.35737C6.8165 1.35737 6.76953 1.40391 6.77102 1.57734C6.77922 2.55857 6.78072 3.54055 6.77102 4.52178C6.77102 4.72148 6.84558 4.747 7.01111 4.747C7.51814 4.73874 8.02814 4.74476 8.53964 4.74476H8.54188ZM20.2802 15.6509C20.5418 15.6459 20.7961 15.5632 21.0112 15.4132C21.2263 15.2633 21.3927 15.0527 21.4894 14.808C21.5862 14.5632 21.609 14.2951 21.555 14.0373C21.501 13.7796 21.3727 13.5436 21.186 13.359C20.9994 13.1743 20.7627 13.0493 20.5058 12.9996C20.2489 12.9498 19.9831 12.9775 19.7417 13.0793C19.5004 13.181 19.2943 13.3522 19.1492 13.5714C19.0041 13.7907 18.9265 14.0481 18.9262 14.3116C18.9259 14.4894 18.9609 14.6654 19.029 14.8294C19.0972 14.9935 19.1971 15.1422 19.3229 15.2669C19.4488 15.3916 19.5981 15.4898 19.7621 15.5557C19.926 15.6216 20.1014 15.654 20.278 15.6509H20.2802ZM6.01869 15.6509C6.19308 15.6515 6.36588 15.6175 6.52722 15.5509C6.68856 15.4842 6.83528 15.3862 6.959 15.2625C7.08273 15.1387 7.18104 14.9917 7.24832 14.8297C7.3156 14.6677 7.35053 14.4939 7.35112 14.3183C7.3517 14.1427 7.31794 13.9688 7.25175 13.8063C7.18555 13.6439 7.08823 13.4961 6.96533 13.3715C6.84243 13.247 6.69637 13.148 6.53548 13.0802C6.37459 13.0125 6.20202 12.9773 6.02763 12.9767C5.85324 12.9761 5.68045 13.0101 5.51911 13.0768C5.35777 13.1434 5.21105 13.2414 5.08732 13.3652C4.96359 13.4889 4.86528 13.636 4.798 13.798C4.73072 13.96 4.69579 14.1337 4.69521 14.3093C4.69462 14.4849 4.72839 14.6589 4.79458 14.8213C4.86077 14.9838 4.9581 15.1315 5.08099 15.2561C5.20389 15.3807 5.34995 15.4797 5.51084 15.5474C5.67173 15.6151 5.8443 15.6503 6.01869 15.6509ZM19.4399 7.78004C19.4399 8.08034 19.4399 8.38064 19.4399 8.68094C19.4399 8.87388 19.5234 8.97523 19.7255 8.97448C20.2273 8.97448 20.7291 8.96923 21.2309 8.97448C21.38 8.97448 21.4046 8.92719 21.3554 8.79505C21.1168 8.15842 20.8817 7.52053 20.6501 6.88139C20.6128 6.77929 20.5651 6.73124 20.451 6.73124C20.1729 6.738 19.8932 6.738 19.6151 6.73124C19.4832 6.73124 19.4339 6.77328 19.4377 6.90842C19.4444 7.20046 19.4362 7.49025 19.4362 7.78004H19.4399Z"
                  fill="#3870FF"
                />
              </g>
              <defs>
                <clippath
                  id="clip0_1_861"
                >
                  <rect
                    fill="white"
                    height="17"
                    width="25"
                  />
                </clippath>
              </defs>
            </svg>
             
            <p
              class="chakra-text css-acbihw"
            >
              Rastrear
            </p>
          </button>
        </a>
      </div>
    </div>
  </div>
</div>
`;
