// Jest Snapshot v1, https://goo.gl/fbAQLP

exports[`OrderReviewModal component OrderReviewModal should be render correctly 1`] = `
<div>
  <div
    class="css-gmuwbf"
  />
</div>
`;
