// Jest Snapshot v1, https://goo.gl/fbAQLP

exports[`Render ModalComponent component ModalComponent should be render correctly 1`] = `<div />`;
