// Jest Snapshot v1, https://goo.gl/fbAQLP

exports[`OrderSuccess Component OrderSuccess should be render correctly 1`] = `
<div>
  <div
    class="css-0"
  >
    <div
      class="css-1poqpeo"
    >
      <div
        class="chakra-container css-cs0kzy"
      >
        <div
          class="css-0"
        >
          <svg
            fill="none"
            height="36"
            viewBox="0 0 40 36"
            width="40"
            xmlns="http://www.w3.org/2000/svg"
          >
            <path
              d="M38.2533 0.602678C36.4483 -0.369247 34.435 1.50518 33.2548 2.61595C30.5474 5.25403 28.2565 8.30865 25.6877 11.0856C22.8414 14.1402 20.2033 17.1948 17.2875 20.1801C15.6213 21.8463 13.8163 23.6513 12.7056 25.734C10.2063 23.3041 8.05422 20.666 5.27729 18.514C3.26402 16.9867 -0.0682945 15.8759 0.0011287 19.5553C0.139975 24.3456 4.37479 29.483 7.49883 32.7457C8.81787 34.1342 10.5535 35.5921 12.5667 35.6615C14.9965 35.8004 17.4958 32.8846 18.9537 31.2878C21.5224 28.5109 23.6051 25.3868 25.9654 22.5405C29.02 18.7917 32.1441 15.1121 35.1293 11.2938C37.0037 8.93346 42.9047 3.1018 38.2533 0.602678ZM3.05564 19.2776C2.98621 19.2776 2.91679 19.2776 2.77794 19.3469C2.50025 19.2776 2.29198 19.2081 2.01429 19.0692C2.22256 18.9304 2.56967 18.9998 3.05564 19.2776Z"
              fill="#353535"
            />
          </svg>
        </div>
        <div
          class="css-ouzjzl"
        >
          <p
            class="chakra-text css-1d7w6d6"
          >
            ¡Tu pedido ha sido confirmado!
          </p>
          <p
            class="chakra-text css-crpoxa"
          >
            
             
            T
            e hemos enviado un whatsapp confirmando el pedido, al número 
            <b>
              1111111111
            </b>
          </p>
        </div>
      </div>
    </div>
    <div
      class="css-sgpgrv"
    >
      <div
        class="css-k8wr52"
      >
        <div
          class="css-1siwe0b"
        >
          <p
            class="chakra-text css-okz3aw"
          >
            Sitio de entrega
          </p>
          <p
            class="chakra-text css-8whdou"
          >
            Esta es la tiendita que elegiste para la entrega
          </p>
          <div
            class="css-mifb2i"
          >
            <div
              class="css-2jtlu4"
            >
              <div
                class="css-qim7r6"
              >
                <img
                  class="chakra-image css-34k09d"
                  src="/assets/images/store.png"
                />
              </div>
            </div>
            <div
              class="css-12w7o40"
            >
              <p
                class="chakra-text css-1mzljxq"
              />
              <p
                class="chakra-text css-w6om4s"
              />
              <a
                class="chakra-link css-1okj0fn"
                decoration="underline"
                href="https://www.google.com/maps/place/undefined,undefined"
                target="_blank"
              >
                Ver ubicación
              </a>
              <p
                class="chakra-text css-1vksuc8"
              >
                Contacta con la tiendita
              </p>
              <a
                class="chakra-link css-1okj0fn"
                decoration="underline"
                href="https://wa.me/52undefined"
                target="_blank"
              >
                Ir al whatsapp de la tiendita
              </a>
            </div>
          </div>
        </div>
      </div>
      <div
        class="css-y1gt6f"
      >
        <p
          class="chakra-text css-gth86c"
        >
          ¡Regala con Neta!
        </p>
        <p
          class="chakra-text css-cyjlo4"
        >
          Invita a tus amigos y tendrán un descuento de 20 pesos en su primera orden.
        </p>
        <a
          class="chakra-link css-0"
          href="https://wa.me/?text=COUPENCODE"
          target="_blank"
        >
          <button
            class="chakra-button css-lh4mb9"
            type="button"
          >
            <p
              class="chakra-text css-1c1e297"
            >
              Invitar amigos
            </p>
          </button>
        </a>
      </div>
      <div
        class="css-q34kyj"
      >
        <p
          class="chakra-text css-gth86c"
        >
          ¿Necesitas ayuda con tu pedido?
        </p>
        <p
          class="chakra-text css-cyjlo4"
        >
          Si deseas cancelar o editar tu pedido comunicate con nosotros via whatsapp par ayudarte
        </p>
      </div>
      <a
        class="chakra-link css-0"
        href="https://wa.me/5215545439866"
        target="_blank"
      >
        <button
          class="chakra-button css-48w0h7"
          type="button"
        >
          <svg
            fill="none"
            height="28"
            viewBox="0 0 28 28"
            width="28"
            xmlns="http://www.w3.org/2000/svg"
          >
            <path
              clip-rule="evenodd"
              d="M23.4485 4.54189C20.9414 2.04421 17.6079 0.668015 14.056 0.666748C6.73774 0.666748 0.781261 6.59415 0.778078 13.88C0.776804 16.2092 1.38862 18.4825 2.55051 20.486L0.666664 27.3334L7.70545 25.496C9.64468 26.549 11.8284 27.1034 14.0503 27.1041H14.056C14.0567 27.1041 14.0554 27.1041 14.056 27.1041C21.3737 27.1041 27.3308 21.176 27.3333 13.8902C27.3346 10.3597 25.955 7.03958 23.4485 4.54189ZM14.056 24.8725H14.0516C12.0716 24.8719 10.1292 24.3422 8.43441 23.3417L8.03141 23.1035L3.85436 24.1939L4.96914 20.1407L4.70684 19.7251C3.60225 17.9763 3.01844 15.9551 3.01972 13.88C3.02226 7.82462 7.97284 2.89768 14.0605 2.89768C17.0082 2.89895 19.7789 4.04261 21.8626 6.11895C23.9464 8.19465 25.093 10.9546 25.0917 13.8889C25.0891 19.9455 20.1386 24.8725 14.056 24.8725ZM20.1093 16.647C19.7776 16.4816 18.1465 15.6833 17.8422 15.573C17.5379 15.4628 17.3169 15.4076 17.096 15.7384C16.8751 16.0691 16.2391 16.813 16.0455 17.0328C15.852 17.2533 15.6585 17.2806 15.3268 17.1152C14.9951 16.9498 13.9261 16.6014 12.6586 15.4767C11.6724 14.6011 11.0065 13.5201 10.8129 13.1894C10.6194 12.8586 10.7926 12.68 10.9581 12.5159C11.1071 12.3676 11.2898 12.13 11.456 11.9374C11.6221 11.7448 11.6769 11.6066 11.7876 11.3868C11.8984 11.1663 11.843 10.9737 11.7603 10.8083C11.6775 10.6429 11.0141 9.01771 10.7372 8.35685C10.4679 7.71311 10.1941 7.80054 9.99102 7.78977C9.79748 7.78027 9.57656 7.77837 9.35501 7.77837C9.13409 7.77837 8.77438 7.86074 8.47007 8.19148C8.16575 8.52222 7.30882 9.3212 7.30882 10.9458C7.30882 12.571 8.49745 14.1411 8.66361 14.3616C8.82978 14.5821 11.0033 17.9167 14.3311 19.3474C15.1224 19.6877 15.7406 19.8911 16.2225 20.0431C17.0171 20.2947 17.7403 20.2592 18.312 20.1743C18.9493 20.0792 20.2748 19.3753 20.5511 18.6042C20.8274 17.8331 20.8274 17.1716 20.7447 17.0341C20.6625 16.8947 20.441 16.8124 20.1093 16.647Z"
              fill="white"
              fill-rule="evenodd"
            />
          </svg>
          <p
            class="chakra-text css-bsjcwp"
          >
            Necesito ayuda con mi pedido
          </p>
        </button>
      </a>
      <p
        class="chakra-text css-10d023v"
      >
        Resumen del pedido
      </p>
      <div
        class="css-wmz062"
      >
        <div
          class="css-z7mtfw"
        >
          <p
            class="chakra-text css-0"
          >
            Suma parcial
          </p>
          <p
            class="chakra-text css-1nhysjy"
          >
            $60.00
             
          </p>
        </div>
        <div
          class="css-z7mtfw"
        >
          <p
            class="chakra-text css-0"
          >
            Envío
          </p>
          <p
            class="chakra-text css-1nhysjy"
          >
            Gratis
          </p>
        </div>
        <div
          class="css-z7mtfw"
        >
          <div
            class="css-k008qs"
          >
            <p
              class="chakra-text css-0"
            >
              Monetas
            </p>
            <img
              class="chakra-image css-1isemmb"
              src="/assets/images/icons/dolar.png"
            />
          </div>
          <p
            class="chakra-text css-fa9nx4"
          >
            - 
            $20.00
          </p>
        </div>
        <div
          class="css-eofv09"
        >
          <hr />
        </div>
        <div
          class="css-z7mtfw"
        >
          <p
            class="chakra-text css-ha3xn3"
          >
            Total a pagar
          </p>
          <p
            class="chakra-text css-1nhysjy"
          >
            $30.00
          </p>
        </div>
      </div>
    </div>
  </div>
</div>
`;
